---
source: tests/markdown_tests.rs
description: detects_emojis_in_links
info: "[:grinning:](/foo)"
---
ParsedMarkdown {
    html: "<p><a href=\"/foo\">ðŸ˜€</a></p>\n",
    headings: [],
    links: [
        Link {
            title: "ðŸ˜€",
            url: Local(
                "/foo",
            ),
        },
    ],
}
