---
source: tests/markdown_tests.rs
description: it_renders_math_block_using_katex
info: "```math\nx^2 - 5x + 6 = 0 \\\n(x-2)(x-3)=0 \\\n\\textrm{then either }x=2 \\,or\\,x=3\n```\n"
---
ParsedMarkdown {
    html: "<div class=\"math\">\n<span class=\"katex-display\"><span class=\"katex\"><span class=\"katex-mathml\"><math xmlns=\"http://www.w3.org/1998/Math/MathML\" display=\"block\"><semantics><mrow><msup><mi>x</mi><mn>2</mn></msup><mo>−</mo><mn>5</mn><mi>x</mi><mo>+</mo><mn>6</mn><mo>=</mo><mn>0</mn><mtext>\u{a0}</mtext><mo stretchy=\"false\">(</mo><mi>x</mi><mo>−</mo><mn>2</mn><mo stretchy=\"false\">)</mo><mo stretchy=\"false\">(</mo><mi>x</mi><mo>−</mo><mn>3</mn><mo stretchy=\"false\">)</mo><mo>=</mo><mn>0</mn><mtext>\u{a0}then\u{a0}either\u{a0}</mtext><mi>x</mi><mo>=</mo><mn>2</mn><mtext>\u{2009}</mtext><mi>o</mi><mi>r</mi><mtext>\u{2009}</mtext><mi>x</mi><mo>=</mo><mn>3</mn></mrow><annotation encoding=\"application/x-tex\">x^2 - 5x + 6 = 0 \\\n(x-2)(x-3)=0 \\\n\\textrm{then either }x=2 \\,or\\,x=3\n</annotation></semantics></math></span><span class=\"katex-html\" aria-hidden=\"true\"><span class=\"base\"><span class=\"strut\" style=\"height:0.9474em;vertical-align:-0.0833em;\"></span><span class=\"mord\"><span class=\"mord mathnormal\">x</span><span class=\"msupsub\"><span class=\"vlist-t\"><span class=\"vlist-r\"><span class=\"vlist\" style=\"height:0.8641em;\"><span style=\"top:-3.113em;margin-right:0.05em;\"><span class=\"pstrut\" style=\"height:2.7em;\"></span><span class=\"sizing reset-size6 size3 mtight\"><span class=\"mord mtight\">2</span></span></span></span></span></span></span></span><span class=\"mspace\" style=\"margin-right:0.2222em;\"></span><span class=\"mbin\">−</span><span class=\"mspace\" style=\"margin-right:0.2222em;\"></span></span><span class=\"base\"><span class=\"strut\" style=\"height:0.7278em;vertical-align:-0.0833em;\"></span><span class=\"mord\">5</span><span class=\"mord mathnormal\">x</span><span class=\"mspace\" style=\"margin-right:0.2222em;\"></span><span class=\"mbin\">+</span><span class=\"mspace\" style=\"margin-right:0.2222em;\"></span></span><span class=\"base\"><span class=\"strut\" style=\"height:0.6444em;\"></span><span class=\"mord\">6</span><span class=\"mspace\" style=\"margin-right:0.2778em;\"></span><span class=\"mrel\">=</span><span class=\"mspace\" style=\"margin-right:0.2778em;\"></span></span><span class=\"base\"><span class=\"strut\" style=\"height:1em;vertical-align:-0.25em;\"></span><span class=\"mord\">0</span><span class=\"mspace\">\u{a0}</span><span class=\"mopen\">(</span><span class=\"mord mathnormal\">x</span><span class=\"mspace\" style=\"margin-right:0.2222em;\"></span><span class=\"mbin\">−</span><span class=\"mspace\" style=\"margin-right:0.2222em;\"></span></span><span class=\"base\"><span class=\"strut\" style=\"height:1em;vertical-align:-0.25em;\"></span><span class=\"mord\">2</span><span class=\"mclose\">)</span><span class=\"mopen\">(</span><span class=\"mord mathnormal\">x</span><span class=\"mspace\" style=\"margin-right:0.2222em;\"></span><span class=\"mbin\">−</span><span class=\"mspace\" style=\"margin-right:0.2222em;\"></span></span><span class=\"base\"><span class=\"strut\" style=\"height:1em;vertical-align:-0.25em;\"></span><span class=\"mord\">3</span><span class=\"mclose\">)</span><span class=\"mspace\" style=\"margin-right:0.2778em;\"></span><span class=\"mrel\">=</span><span class=\"mspace\" style=\"margin-right:0.2778em;\"></span></span><span class=\"base\"><span class=\"strut\" style=\"height:0.6944em;\"></span><span class=\"mord\">0</span><span class=\"mspace\">\u{a0}</span><span class=\"mord text\"><span class=\"mord textrm\">then\u{a0}either\u{a0}</span></span><span class=\"mord mathnormal\">x</span><span class=\"mspace\" style=\"margin-right:0.2778em;\"></span><span class=\"mrel\">=</span><span class=\"mspace\" style=\"margin-right:0.2778em;\"></span></span><span class=\"base\"><span class=\"strut\" style=\"height:0.6444em;\"></span><span class=\"mord\">2</span><span class=\"mspace\" style=\"margin-right:0.1667em;\"></span><span class=\"mord mathnormal\" style=\"margin-right:0.02778em;\">or</span><span class=\"mspace\" style=\"margin-right:0.1667em;\"></span><span class=\"mord mathnormal\">x</span><span class=\"mspace\" style=\"margin-right:0.2778em;\"></span><span class=\"mrel\">=</span><span class=\"mspace\" style=\"margin-right:0.2778em;\"></span></span><span class=\"base\"><span class=\"strut\" style=\"height:0.6444em;\"></span><span class=\"mord\">3</span></span></span></span></span></div>",
    preview: "",
    headings: [],
    links: [],
    blocks: {
        "math",
    },
}
