---
source: tests/markdown_tests.rs
description: ignores_identifiers_that_do_not_end_with_whitespace
info: "Look at this :stop MORE"
---
Markdown {
    as_html: "<p>Look at this :stop MORE</p>\n",
    headings: [],
    links: [],
}
