---
source: tests/markdown_tests.rs
description: detects_emojis
info: "I am :grinning:."
---
ParsedMarkdown {
    html: "<p>I am ðŸ˜€.</p>\n",
    headings: [],
    links: [],
    blocks: {},
}
