---
source: tests/markdown_tests.rs
description: sanitizes_input
info: "<script>\nalert('I break you');\n</script>"
---
ParsedMarkdown {
    html: "",
    headings: [],
    links: [],
    blocks: {},
}
