---
source: src/navigation.rs
description: Manual menu file from nested directory
---
[
    Link {
        src: "child/three.md",
        children: [],
        path: "/child/three",
        title: "Three",
    },
]
